ls: cannot access fig*: No such file or directory
